// Jest Snapshot v1, https://goo.gl/fbAQLP

exports[`Componente de Erro Snapshot 1`] = `
<vcontainer-stub tag="div" fluid="" class="grey--text">
  <vlayout-stub tag="div" wrap="" align-center="" row="" reverse="" justify-center="" fill-height="">
    <vflex-stub tag="div" xs12="" md6="" class="text-xs-center pt-5">
      <vlayout-stub tag="div" wrap="" row="" fill-height="" justify-start="true">
        <vflex-stub tag="div" xs12="" class="coluna">
          <vimg-stub src="[object Object]" position="center center" transition="fade-transition" id="imagem-erro" class="text-xs-center coluna"></vimg-stub>
        </vflex-stub>
      </vlayout-stub>
    </vflex-stub>
    <vflex-stub tag="div" xs12="" md6="">
      <vlayout-stub tag="div" wrap="" row="" fill-height="" justify-end="true">
        <vflex-stub tag="div" xs12="" class="coluna">
          <p id="titulo-erro" class="display-2 text-xs-left">
            XPTO
          </p>
        </vflex-stub>
        <vflex-stub tag="div" xs12="" class="coluna">
          <div id="texto-erro" class="pt-3 texto subheading text-xs-left">
            XPTO
          </div>
        </vflex-stub>
        <vflex-stub tag="div" xs12="" class="coluna">
          <vbtn-stub activeclass="v-btn--active" tag="button" type="button" id="retornar-ao-sol" href="https://aluno.una.br/SOL/aluno/index.php/index/seguranca/dev/instituicao/3" color="primary" class="mt-3 ml-0 btn-retornar-ao-sol">
            Retornar ao SOL
          </vbtn-stub>
        </vflex-stub>
      </vlayout-stub>
    </vflex-stub>
  </vlayout-stub>
</vcontainer-stub>
`;
